Successfully loaded testmap.txt
Moving Student_1 from MainHall to Room_1
Moving Student_1 from Room_1 to Room_2
Student_1 picked up Beer_1
Student_1 picked up Beer_2
Student_1 used Beer_1
Student_1 dropped Beer_2
Student_1's inventory: (empty)
